
> portfolio@0.1.0 build
> next build

Γû▓ Next.js 16.1.2 (Turbopack)

  Creating an optimized production build ...
Γ£ô Compiled successfully in 6.2s
  Running TypeScript ...
node.exe : Failed to compile.
At line:1 char:1
+ & "C:\Program Files\nodejs/node.exe" 
"C:\Program Files\nodejs/node_mo ...
+ ~~~~~~~~~~~~~~~~~~~~~~~~~~~~~~~~~~~~~~~~~~~~~~
~~~~~~~~~~~~~~~~~~~~~~~
    + CategoryInfo          : NotSpecified: (Fa 
   iled to compile.:String) [], RemoteExceptio  
  n
    + FullyQualifiedErrorId : NativeCommandErro 
   r
 

./src/components/projects/ScrollRevealText.tsx:5
2:21
Type error: Type '{ visible: { opacity: number; 
y: number; transition: { type: string; damping: 
number; stiffness: number; }; }; hidden: { 
opacity: number; y: number; }; }' is not 
assignable to type 'Variants'.
  Property 'visible' is incompatible with index 
signature.
    Type '{ opacity: number; y: number; 
transition: { type: string; damping: number; 
stiffness: number; }; }' is not assignable to 
type 'Variant'.
      Type '{ opacity: number; y: number; 
transition: { type: string; damping: number; 
stiffness: number; }; }' is not assignable to 
type 'TargetAndTransition'.
        Type '{ opacity: number; y: number; 
transition: { type: string; damping: number; 
stiffness: number; }; }' is not assignable to 
type '{ transition?: Transition<any> | 
undefined; transitionEnd?: ResolvedValues$1 | 
undefined; }'.
          Types of property 'transition' are 
incompatible.
            Type '{ type: string; damping: 
number; stiffness: number; }' is not assignable 
to type 'Transition<any> | undefined'.
              Type '{ type: string; damping: 
number; stiffness: number; }' is not assignable 
to type 'TransitionWithValueOverrides<any>'.
                Type '{ type: string; damping: 
number; stiffness: number; }' is not assignable 
to type 'ValueAnimationTransition<any>'.
                  Types of property 'type' are 
incompatible.
                    Type 'string' is not 
assignable to type 'AnimationGeneratorType | 
undefined'.

[0m [90m 50 |[39m             
{words[33m.[39mmap((word[33m,[39m index) 
[33m=>[39m (
 [90m 51 |[39m                 
[33m<[39m[33mmotion[39m[33m.[39mspan
[31m[1m>[22m[39m[90m 52 |[39m             
        variants[33m=[39m{child}
 [90m    |[39m                     
[31m[1m^[22m[39m
 [90m 53 |[39m                     
style[33m=[39m{{ marginRight[33m:[39m 
[32m"0.25em"[39m }}
 [90m 54 |[39m                     
key[33m=[39m{index}
 [90m 55 |[39m                     
className[33m=[39m[32m"inline-block"[39m[0m
Next.js build worker exited with code: 1 and 
signal: null
